Archive member included because of file (symbol)

d:/program files (x86)/winavr-20100110/bin/../lib/gcc/avr/4.3.3/avr25\libgcc.a(_mulhi3.o)
                              ../lib/USART.o (__mulhi3)
d:/program files (x86)/winavr-20100110/bin/../lib/gcc/avr/4.3.3/avr25\libgcc.a(_udivmodqi4.o)
                              ../lib/USART.o (__udivmodqi4)
d:/program files (x86)/winavr-20100110/bin/../lib/gcc/avr/4.3.3/avr25\libgcc.a(_udivmodhi4.o)
                              ../lib/USART.o (__udivmodhi4)
d:/program files (x86)/winavr-20100110/bin/../lib/gcc/avr/4.3.3/avr25\libgcc.a(_exit.o)
                              d:/program files (x86)/winavr-20100110/bin/../lib/gcc/avr/4.3.3/../../../../avr/lib/avr25/crttn4313.o (exit)
d:/program files (x86)/winavr-20100110/bin/../lib/gcc/avr/4.3.3/avr25\libgcc.a(_copy_data.o)
                              Temp_Probe.o (__do_copy_data)
d:/program files (x86)/winavr-20100110/bin/../lib/gcc/avr/4.3.3/avr25\libgcc.a(_clear_bss.o)
                              Temp_Probe.o (__do_clear_bss)
d:/program files (x86)/winavr-20100110/bin/../lib/gcc/avr/4.3.3/../../../../avr/lib/avr25\libc.a(memcmp.o)
                              Temp_Probe.o (memcmp)

Allocating common symbols
Common symbol       size              file

data_buf            0x10              Temp_Probe.o
coefficent_LSB      0x5               Temp_Probe.o
coefficent_MSB      0x5               Temp_Probe.o
USI_I2C_Master_State
                    0x1               ../lib/usi_i2c_master.o
setting             0x6               Temp_Probe.o
addr                0x6               Temp_Probe.o

Discarded input sections

 .data          0x00000000        0x0 d:/program files (x86)/winavr-20100110/bin/../lib/gcc/avr/4.3.3/../../../../avr/lib/avr25/crttn4313.o
 .bss           0x00000000        0x0 d:/program files (x86)/winavr-20100110/bin/../lib/gcc/avr/4.3.3/../../../../avr/lib/avr25/crttn4313.o
 .text          0x00000000        0x0 Temp_Probe.o
 .bss           0x00000000        0x0 Temp_Probe.o
 .text.EEPROM_read
                0x00000000        0x0 Temp_Probe.o
 .rodata.cmd_len
                0x00000000        0x0 Temp_Probe.o
 .text          0x00000000        0x0 ../lib/USART.o
 .data          0x00000000        0x0 ../lib/USART.o
 .bss           0x00000000        0x0 ../lib/USART.o
 .text.init_RS485
                0x00000000        0x0 ../lib/USART.o
 .text.end_RS485
                0x00000000        0x0 ../lib/USART.o
 .text.transmitByte
                0x00000000        0x0 ../lib/USART.o
 .text.printString
                0x00000000        0x0 ../lib/USART.o
 .text.printRS485String
                0x00000000        0x0 ../lib/USART.o
 .text.readString
                0x00000000        0x0 ../lib/USART.o
 .text.printByte
                0x00000000        0x0 ../lib/USART.o
 .text.printWord
                0x00000000        0x0 ../lib/USART.o
 .text.printBinaryByte
                0x00000000        0x0 ../lib/USART.o
 .text.nibbleToHexCharacter
                0x00000000        0x0 ../lib/USART.o
 .text.printHexByte
                0x00000000        0x0 ../lib/USART.o
 .text.getNumber
                0x00000000        0x0 ../lib/USART.o
 .text          0x00000000        0x0 ../lib/usi_i2c_master.o
 .data          0x00000000        0x0 ../lib/usi_i2c_master.o
 .bss           0x00000000        0x0 ../lib/usi_i2c_master.o
 .text          0x00000000        0x0 d:/program files (x86)/winavr-20100110/bin/../lib/gcc/avr/4.3.3/avr25\libgcc.a(_mulhi3.o)
 .data          0x00000000        0x0 d:/program files (x86)/winavr-20100110/bin/../lib/gcc/avr/4.3.3/avr25\libgcc.a(_mulhi3.o)
 .bss           0x00000000        0x0 d:/program files (x86)/winavr-20100110/bin/../lib/gcc/avr/4.3.3/avr25\libgcc.a(_mulhi3.o)
 .text.libgcc   0x00000000        0x0 d:/program files (x86)/winavr-20100110/bin/../lib/gcc/avr/4.3.3/avr25\libgcc.a(_mulhi3.o)
 .text          0x00000000        0x0 d:/program files (x86)/winavr-20100110/bin/../lib/gcc/avr/4.3.3/avr25\libgcc.a(_udivmodqi4.o)
 .data          0x00000000        0x0 d:/program files (x86)/winavr-20100110/bin/../lib/gcc/avr/4.3.3/avr25\libgcc.a(_udivmodqi4.o)
 .bss           0x00000000        0x0 d:/program files (x86)/winavr-20100110/bin/../lib/gcc/avr/4.3.3/avr25\libgcc.a(_udivmodqi4.o)
 .text.libgcc   0x00000000        0x0 d:/program files (x86)/winavr-20100110/bin/../lib/gcc/avr/4.3.3/avr25\libgcc.a(_udivmodqi4.o)
 .text          0x00000000        0x0 d:/program files (x86)/winavr-20100110/bin/../lib/gcc/avr/4.3.3/avr25\libgcc.a(_udivmodhi4.o)
 .data          0x00000000        0x0 d:/program files (x86)/winavr-20100110/bin/../lib/gcc/avr/4.3.3/avr25\libgcc.a(_udivmodhi4.o)
 .bss           0x00000000        0x0 d:/program files (x86)/winavr-20100110/bin/../lib/gcc/avr/4.3.3/avr25\libgcc.a(_udivmodhi4.o)
 .text.libgcc   0x00000000        0x0 d:/program files (x86)/winavr-20100110/bin/../lib/gcc/avr/4.3.3/avr25\libgcc.a(_udivmodhi4.o)
 .text          0x00000000        0x0 d:/program files (x86)/winavr-20100110/bin/../lib/gcc/avr/4.3.3/avr25\libgcc.a(_exit.o)
 .data          0x00000000        0x0 d:/program files (x86)/winavr-20100110/bin/../lib/gcc/avr/4.3.3/avr25\libgcc.a(_exit.o)
 .bss           0x00000000        0x0 d:/program files (x86)/winavr-20100110/bin/../lib/gcc/avr/4.3.3/avr25\libgcc.a(_exit.o)
 .text.libgcc   0x00000000        0x0 d:/program files (x86)/winavr-20100110/bin/../lib/gcc/avr/4.3.3/avr25\libgcc.a(_exit.o)
 .text          0x00000000        0x0 d:/program files (x86)/winavr-20100110/bin/../lib/gcc/avr/4.3.3/avr25\libgcc.a(_copy_data.o)
 .data          0x00000000        0x0 d:/program files (x86)/winavr-20100110/bin/../lib/gcc/avr/4.3.3/avr25\libgcc.a(_copy_data.o)
 .bss           0x00000000        0x0 d:/program files (x86)/winavr-20100110/bin/../lib/gcc/avr/4.3.3/avr25\libgcc.a(_copy_data.o)
 .text.libgcc   0x00000000        0x0 d:/program files (x86)/winavr-20100110/bin/../lib/gcc/avr/4.3.3/avr25\libgcc.a(_copy_data.o)
 .text          0x00000000        0x0 d:/program files (x86)/winavr-20100110/bin/../lib/gcc/avr/4.3.3/avr25\libgcc.a(_clear_bss.o)
 .data          0x00000000        0x0 d:/program files (x86)/winavr-20100110/bin/../lib/gcc/avr/4.3.3/avr25\libgcc.a(_clear_bss.o)
 .bss           0x00000000        0x0 d:/program files (x86)/winavr-20100110/bin/../lib/gcc/avr/4.3.3/avr25\libgcc.a(_clear_bss.o)
 .text.libgcc   0x00000000        0x0 d:/program files (x86)/winavr-20100110/bin/../lib/gcc/avr/4.3.3/avr25\libgcc.a(_clear_bss.o)
 .text          0x00000000        0x0 d:/program files (x86)/winavr-20100110/bin/../lib/gcc/avr/4.3.3/../../../../avr/lib/avr25\libc.a(memcmp.o)
 .data          0x00000000        0x0 d:/program files (x86)/winavr-20100110/bin/../lib/gcc/avr/4.3.3/../../../../avr/lib/avr25\libc.a(memcmp.o)
 .bss           0x00000000        0x0 d:/program files (x86)/winavr-20100110/bin/../lib/gcc/avr/4.3.3/../../../../avr/lib/avr25\libc.a(memcmp.o)

Memory Configuration

Name             Origin             Length             Attributes
text             0x00000000         0x00002000         xr
data             0x00800060         0x0000ffa0         rw !x
eeprom           0x00810000         0x00010000         rw !x
fuse             0x00820000         0x00000400         rw !x
lock             0x00830000         0x00000400         rw !x
signature        0x00840000         0x00000400         rw !x
*default*        0x00000000         0xffffffff

Linker script and memory map

LOAD d:/program files (x86)/winavr-20100110/bin/../lib/gcc/avr/4.3.3/../../../../avr/lib/avr25/crttn4313.o
LOAD Temp_Probe.o
LOAD ../lib/USART.o
LOAD ../lib/usi_i2c_master.o
LOAD d:/program files (x86)/winavr-20100110/bin/../lib/gcc/avr/4.3.3/avr25\libgcc.a
LOAD d:/program files (x86)/winavr-20100110/bin/../lib/gcc/avr/4.3.3/../../../../avr/lib/avr25\libc.a
LOAD d:/program files (x86)/winavr-20100110/bin/../lib/gcc/avr/4.3.3/avr25\libgcc.a

.hash
 *(.hash)

.dynsym
 *(.dynsym)

.dynstr
 *(.dynstr)

.gnu.version
 *(.gnu.version)

.gnu.version_d
 *(.gnu.version_d)

.gnu.version_r
 *(.gnu.version_r)

.rel.init
 *(.rel.init)

.rela.init
 *(.rela.init)

.rel.text
 *(.rel.text)
 *(.rel.text.*)
 *(.rel.gnu.linkonce.t*)

.rela.text
 *(.rela.text)
 *(.rela.text.*)
 *(.rela.gnu.linkonce.t*)

.rel.fini
 *(.rel.fini)

.rela.fini
 *(.rela.fini)

.rel.rodata
 *(.rel.rodata)
 *(.rel.rodata.*)
 *(.rel.gnu.linkonce.r*)

.rela.rodata
 *(.rela.rodata)
 *(.rela.rodata.*)
 *(.rela.gnu.linkonce.r*)

.rel.data
 *(.rel.data)
 *(.rel.data.*)
 *(.rel.gnu.linkonce.d*)

.rela.data
 *(.rela.data)
 *(.rela.data.*)
 *(.rela.gnu.linkonce.d*)

.rel.ctors
 *(.rel.ctors)

.rela.ctors
 *(.rela.ctors)

.rel.dtors
 *(.rel.dtors)

.rela.dtors
 *(.rela.dtors)

.rel.got
 *(.rel.got)

.rela.got
 *(.rela.got)

.rel.bss
 *(.rel.bss)

.rela.bss
 *(.rela.bss)

.rel.plt
 *(.rel.plt)

.rela.plt
 *(.rela.plt)

.text           0x00000000      0xa96
 *(.vectors)
 .vectors       0x00000000       0x2a d:/program files (x86)/winavr-20100110/bin/../lib/gcc/avr/4.3.3/../../../../avr/lib/avr25/crttn4313.o
                0x00000000                __vectors
                0x00000000                __vector_default
 *(.vectors)
 *(.progmem.gcc*)
 *(.progmem*)
                0x0000002a                . = ALIGN (0x2)
                0x0000002a                __trampolines_start = .
 *(.trampolines)
 .trampolines   0x0000002a        0x0 linker stubs
 *(.trampolines*)
                0x0000002a                __trampolines_end = .
 *(.jumptables)
 *(.jumptables*)
 *(.lowtext)
 *(.lowtext*)
                0x0000002a                __ctors_start = .
 *(.ctors)
                0x0000002a                __ctors_end = .
                0x0000002a                __dtors_start = .
 *(.dtors)
                0x0000002a                __dtors_end = .
 SORT(*)(.ctors)
 SORT(*)(.dtors)
 *(.init0)
 .init0         0x0000002a        0x0 d:/program files (x86)/winavr-20100110/bin/../lib/gcc/avr/4.3.3/../../../../avr/lib/avr25/crttn4313.o
                0x0000002a                __init
 *(.init0)
 *(.init1)
 *(.init1)
 *(.init2)
 .init2         0x0000002a        0xc d:/program files (x86)/winavr-20100110/bin/../lib/gcc/avr/4.3.3/../../../../avr/lib/avr25/crttn4313.o
 *(.init2)
 *(.init3)
 *(.init3)
 *(.init4)
 .init4         0x00000036       0x16 d:/program files (x86)/winavr-20100110/bin/../lib/gcc/avr/4.3.3/avr25\libgcc.a(_copy_data.o)
                0x00000036                __do_copy_data
 .init4         0x0000004c       0x10 d:/program files (x86)/winavr-20100110/bin/../lib/gcc/avr/4.3.3/avr25\libgcc.a(_clear_bss.o)
                0x0000004c                __do_clear_bss
 *(.init4)
 *(.init5)
 *(.init5)
 *(.init6)
 *(.init6)
 *(.init7)
 *(.init7)
 *(.init8)
 *(.init8)
 *(.init9)
 .init9         0x0000005c        0x4 d:/program files (x86)/winavr-20100110/bin/../lib/gcc/avr/4.3.3/../../../../avr/lib/avr25/crttn4313.o
 *(.init9)
 *(.text)
 .text          0x00000060        0x2 d:/program files (x86)/winavr-20100110/bin/../lib/gcc/avr/4.3.3/../../../../avr/lib/avr25/crttn4313.o
                0x00000060                __vector_1
                0x00000060                __vector_12
                0x00000060                __bad_interrupt
                0x00000060                __vector_6
                0x00000060                __vector_3
                0x00000060                __vector_11
                0x00000060                __vector_13
                0x00000060                __vector_17
                0x00000060                __vector_19
                0x00000060                __vector_7
                0x00000060                __vector_5
                0x00000060                __vector_4
                0x00000060                __vector_9
                0x00000060                __vector_2
                0x00000060                __vector_15
                0x00000060                __vector_8
                0x00000060                __vector_14
                0x00000060                __vector_10
                0x00000060                __vector_16
                0x00000060                __vector_18
                0x00000060                __vector_20
                0x00000062                . = ALIGN (0x2)
 *(.text.*)
 .text.init_i2c
                0x00000062       0x18 Temp_Probe.o
                0x00000062                init_i2c
 .text.EEPROM_write
                0x0000007a       0x10 Temp_Probe.o
                0x0000007a                EEPROM_write
 .text.Read_init
                0x0000008a        0xc Temp_Probe.o
                0x0000008a                Read_init
 .text.init_all
                0x00000096       0x58 Temp_Probe.o
                0x00000096                init_all
 .text.init_setup
                0x000000ee      0x18e Temp_Probe.o
                0x000000ee                init_setup
 .text.Read_Temp
                0x0000027c       0x66 Temp_Probe.o
                0x0000027c                Read_Temp
 .text.Read_CalData
                0x000002e2       0x5e Temp_Probe.o
                0x000002e2                Read_CalData
 .text.init_tsys01
                0x00000340       0x1e Temp_Probe.o
                0x00000340                init_tsys01
 .text.main     0x0000035e      0x512 Temp_Probe.o
                0x0000035e                main
 .text.initUSART
                0x00000870       0x1a ../lib/USART.o
                0x00000870                initUSART
 .text.receiveByte
                0x0000088a        0x8 ../lib/USART.o
                0x0000088a                receiveByte
 .text.GetHexString
                0x00000892       0x24 ../lib/USART.o
                0x00000892                GetHexString
 .text.printRS485Bytes
                0x000008b6       0x8c ../lib/USART.o
                0x000008b6                printRS485Bytes
 .text.GetByteFromString
                0x00000942       0x42 ../lib/USART.o
                0x00000942                GetByteFromString
 .text.USI_I2C_Master_Transfer
                0x00000984       0x28 ../lib/usi_i2c_master.o
                0x00000984                USI_I2C_Master_Transfer
 .text.USI_I2C_Master_Start_Transmission
                0x000009ac       0xcc ../lib/usi_i2c_master.o
                0x000009ac                USI_I2C_Master_Start_Transmission
 .text.avr-libc
                0x00000a78       0x1a d:/program files (x86)/winavr-20100110/bin/../lib/gcc/avr/4.3.3/../../../../avr/lib/avr25\libc.a(memcmp.o)
                0x00000a78                memcmp
                0x00000a92                . = ALIGN (0x2)
 *(.fini9)
 .fini9         0x00000a92        0x0 d:/program files (x86)/winavr-20100110/bin/../lib/gcc/avr/4.3.3/avr25\libgcc.a(_exit.o)
                0x00000a92                exit
                0x00000a92                _exit
 *(.fini9)
 *(.fini8)
 *(.fini8)
 *(.fini7)
 *(.fini7)
 *(.fini6)
 *(.fini6)
 *(.fini5)
 *(.fini5)
 *(.fini4)
 *(.fini4)
 *(.fini3)
 *(.fini3)
 *(.fini2)
 *(.fini2)
 *(.fini1)
 *(.fini1)
 *(.fini0)
 .fini0         0x00000a92        0x4 d:/program files (x86)/winavr-20100110/bin/../lib/gcc/avr/4.3.3/avr25\libgcc.a(_exit.o)
 *(.fini0)
                0x00000a96                _etext = .

.data           0x00800060       0x3e load address 0x00000a96
                0x00800060                PROVIDE (__data_start, .)
 *(.data)
 .data          0x00800060       0x2d Temp_Probe.o
 *(.data*)
 .data.cmd_list
                0x0080008d       0x10 Temp_Probe.o
                0x0080008d                cmd_list
 *(.rodata)
 *(.rodata*)
 *(.gnu.linkonce.d*)
                0x0080009e                . = ALIGN (0x2)
 *fill*         0x0080009d        0x1 00
                0x0080009e                _edata = .
                0x0080009e                PROVIDE (__data_end, .)

.bss            0x0080009e       0x2e
                0x0080009e                PROVIDE (__bss_start, .)
 *(.bss)
 *(.bss*)
 .bss.write_enabled
                0x0080009e        0x1 Temp_Probe.o
                0x0080009e                write_enabled
 .bss.check_sum_enable
                0x0080009f        0x2 Temp_Probe.o
                0x0080009f                check_sum_enable
 .bss.delay     0x008000a1        0x2 Temp_Probe.o
                0x008000a1                delay
 .bss.data_size
                0x008000a3        0x2 Temp_Probe.o
                0x008000a3                data_size
 *(COMMON)
 COMMON         0x008000a5       0x26 Temp_Probe.o
                0x008000a5                data_buf
                0x008000b5                coefficent_LSB
                0x008000ba                coefficent_MSB
                0x008000bf                setting
                0x008000c5                addr
 COMMON         0x008000cb        0x1 ../lib/usi_i2c_master.o
                0x008000cb                USI_I2C_Master_State
                0x008000cc                PROVIDE (__bss_end, .)
                0x00000a96                __data_load_start = LOADADDR (.data)
                0x00000ad4                __data_load_end = (__data_load_start + SIZEOF (.data))

.noinit         0x008000cc        0x0
                0x008000cc                PROVIDE (__noinit_start, .)
 *(.noinit*)
                0x008000cc                PROVIDE (__noinit_end, .)
                0x008000cc                _end = .
                0x008000cc                PROVIDE (__heap_start, .)

.eeprom         0x00810000        0x0
 *(.eeprom*)
                0x00810000                __eeprom_end = .

.fuse
 *(.fuse)
 *(.lfuse)
 *(.hfuse)
 *(.efuse)

.lock
 *(.lock*)

.signature
 *(.signature*)

.stab
 *(.stab)

.stabstr
 *(.stabstr)

.stab.excl
 *(.stab.excl)

.stab.exclstr
 *(.stab.exclstr)

.stab.index
 *(.stab.index)

.stab.indexstr
 *(.stab.indexstr)

.comment
 *(.comment)

.debug
 *(.debug)

.line
 *(.line)

.debug_srcinfo
 *(.debug_srcinfo)

.debug_sfnames
 *(.debug_sfnames)

.debug_aranges  0x00000000      0x130
 *(.debug_aranges)
 .debug_aranges
                0x00000000       0x68 Temp_Probe.o
 .debug_aranges
                0x00000068       0xa0 ../lib/USART.o
 .debug_aranges
                0x00000108       0x28 ../lib/usi_i2c_master.o

.debug_pubnames
                0x00000000      0x2e4
 *(.debug_pubnames)
 .debug_pubnames
                0x00000000      0x142 Temp_Probe.o
 .debug_pubnames
                0x00000142      0x135 ../lib/USART.o
 .debug_pubnames
                0x00000277       0x6d ../lib/usi_i2c_master.o

.debug_info     0x00000000     0x14bb
 *(.debug_info)
 .debug_info    0x00000000      0x70d Temp_Probe.o
 .debug_info    0x0000070d      0xa3e ../lib/USART.o
 .debug_info    0x0000114b      0x370 ../lib/usi_i2c_master.o
 *(.gnu.linkonce.wi.*)

.debug_abbrev   0x00000000      0x5f4
 *(.debug_abbrev)
 .debug_abbrev  0x00000000      0x274 Temp_Probe.o
 .debug_abbrev  0x00000274      0x241 ../lib/USART.o
 .debug_abbrev  0x000004b5      0x13f ../lib/usi_i2c_master.o

.debug_line     0x00000000     0x132b
 *(.debug_line)
 .debug_line    0x00000000      0x87c Temp_Probe.o
 .debug_line    0x0000087c      0x7a9 ../lib/USART.o
 .debug_line    0x00001025      0x306 ../lib/usi_i2c_master.o

.debug_frame    0x00000000      0x200
 *(.debug_frame)
 .debug_frame   0x00000000       0xb0 Temp_Probe.o
 .debug_frame   0x000000b0      0x120 ../lib/USART.o
 .debug_frame   0x000001d0       0x30 ../lib/usi_i2c_master.o

.debug_str      0x00000000      0x4e1
 *(.debug_str)
 .debug_str     0x00000000      0x26c Temp_Probe.o
                                0x2a5 (size before relaxing)
 .debug_str     0x0000026c      0x1aa ../lib/USART.o
                                0x2a0 (size before relaxing)
 .debug_str     0x00000416       0xcb ../lib/usi_i2c_master.o
                                0x1ab (size before relaxing)

.debug_loc      0x00000000      0x6b1
 *(.debug_loc)
 .debug_loc     0x00000000      0x21e Temp_Probe.o
 .debug_loc     0x0000021e      0x381 ../lib/USART.o
 .debug_loc     0x0000059f      0x112 ../lib/usi_i2c_master.o

.debug_macinfo
 *(.debug_macinfo)
OUTPUT(Temp_Probe_V1.elf elf32-avr)
LOAD linker stubs

.debug_ranges   0x00000000      0x280
 .debug_ranges  0x00000000       0x90 Temp_Probe.o
 .debug_ranges  0x00000090      0x188 ../lib/USART.o
 .debug_ranges  0x00000218       0x68 ../lib/usi_i2c_master.o
