Archive member included because of file (symbol)

c:/winavr-20100110/bin/../lib/gcc/avr/4.3.3/avr25\libgcc.a(_mulhi3.o)
                              ../lib/USART.o (__mulhi3)
c:/winavr-20100110/bin/../lib/gcc/avr/4.3.3/avr25\libgcc.a(_udivmodqi4.o)
                              ../lib/USART.o (__udivmodqi4)
c:/winavr-20100110/bin/../lib/gcc/avr/4.3.3/avr25\libgcc.a(_udivmodhi4.o)
                              ../lib/USART.o (__udivmodhi4)
c:/winavr-20100110/bin/../lib/gcc/avr/4.3.3/avr25\libgcc.a(_exit.o)
                              c:/winavr-20100110/bin/../lib/gcc/avr/4.3.3/../../../../avr/lib/avr25/crttn4313.o (exit)
c:/winavr-20100110/bin/../lib/gcc/avr/4.3.3/avr25\libgcc.a(_copy_data.o)
                              Temp_Probe.o (__do_copy_data)
c:/winavr-20100110/bin/../lib/gcc/avr/4.3.3/avr25\libgcc.a(_clear_bss.o)
                              Temp_Probe.o (__do_clear_bss)

Allocating common symbols
Common symbol       size              file

data_buf            0x10              Temp_Probe.o
coefficent_LSB      0x5               Temp_Probe.o
coefficent_MSB      0x5               Temp_Probe.o
USI_I2C_Master_State
                    0x1               ../lib/usi_i2c_master.o
addr                0x6               Temp_Probe.o

Discarded input sections

 .data          0x00000000        0x0 c:/winavr-20100110/bin/../lib/gcc/avr/4.3.3/../../../../avr/lib/avr25/crttn4313.o
 .bss           0x00000000        0x0 c:/winavr-20100110/bin/../lib/gcc/avr/4.3.3/../../../../avr/lib/avr25/crttn4313.o
 .text          0x00000000        0x0 Temp_Probe.o
 .bss           0x00000000        0x0 Temp_Probe.o
 .text.EEPROM_read
                0x00000000        0x0 Temp_Probe.o
 .text          0x00000000        0x0 ../lib/USART.o
 .data          0x00000000        0x0 ../lib/USART.o
 .bss           0x00000000        0x0 ../lib/USART.o
 .text.init_RS485
                0x00000000        0x0 ../lib/USART.o
 .text.end_RS485
                0x00000000        0x0 ../lib/USART.o
 .text.transmitByte
                0x00000000        0x0 ../lib/USART.o
 .text.printString
                0x00000000        0x0 ../lib/USART.o
 .text.printRS485String
                0x00000000        0x0 ../lib/USART.o
 .text.readString
                0x00000000        0x0 ../lib/USART.o
 .text.printByte
                0x00000000        0x0 ../lib/USART.o
 .text.printWord
                0x00000000        0x0 ../lib/USART.o
 .text.printBinaryByte
                0x00000000        0x0 ../lib/USART.o
 .text.nibbleToHexCharacter
                0x00000000        0x0 ../lib/USART.o
 .text.printHexByte
                0x00000000        0x0 ../lib/USART.o
 .text.getNumber
                0x00000000        0x0 ../lib/USART.o
 .text          0x00000000        0x0 ../lib/usi_i2c_master.o
 .data          0x00000000        0x0 ../lib/usi_i2c_master.o
 .bss           0x00000000        0x0 ../lib/usi_i2c_master.o
 .text          0x00000000        0x0 c:/winavr-20100110/bin/../lib/gcc/avr/4.3.3/avr25\libgcc.a(_mulhi3.o)
 .data          0x00000000        0x0 c:/winavr-20100110/bin/../lib/gcc/avr/4.3.3/avr25\libgcc.a(_mulhi3.o)
 .bss           0x00000000        0x0 c:/winavr-20100110/bin/../lib/gcc/avr/4.3.3/avr25\libgcc.a(_mulhi3.o)
 .text.libgcc   0x00000000        0x0 c:/winavr-20100110/bin/../lib/gcc/avr/4.3.3/avr25\libgcc.a(_mulhi3.o)
 .text          0x00000000        0x0 c:/winavr-20100110/bin/../lib/gcc/avr/4.3.3/avr25\libgcc.a(_udivmodqi4.o)
 .data          0x00000000        0x0 c:/winavr-20100110/bin/../lib/gcc/avr/4.3.3/avr25\libgcc.a(_udivmodqi4.o)
 .bss           0x00000000        0x0 c:/winavr-20100110/bin/../lib/gcc/avr/4.3.3/avr25\libgcc.a(_udivmodqi4.o)
 .text.libgcc   0x00000000        0x0 c:/winavr-20100110/bin/../lib/gcc/avr/4.3.3/avr25\libgcc.a(_udivmodqi4.o)
 .text          0x00000000        0x0 c:/winavr-20100110/bin/../lib/gcc/avr/4.3.3/avr25\libgcc.a(_udivmodhi4.o)
 .data          0x00000000        0x0 c:/winavr-20100110/bin/../lib/gcc/avr/4.3.3/avr25\libgcc.a(_udivmodhi4.o)
 .bss           0x00000000        0x0 c:/winavr-20100110/bin/../lib/gcc/avr/4.3.3/avr25\libgcc.a(_udivmodhi4.o)
 .text.libgcc   0x00000000        0x0 c:/winavr-20100110/bin/../lib/gcc/avr/4.3.3/avr25\libgcc.a(_udivmodhi4.o)
 .text          0x00000000        0x0 c:/winavr-20100110/bin/../lib/gcc/avr/4.3.3/avr25\libgcc.a(_exit.o)
 .data          0x00000000        0x0 c:/winavr-20100110/bin/../lib/gcc/avr/4.3.3/avr25\libgcc.a(_exit.o)
 .bss           0x00000000        0x0 c:/winavr-20100110/bin/../lib/gcc/avr/4.3.3/avr25\libgcc.a(_exit.o)
 .text.libgcc   0x00000000        0x0 c:/winavr-20100110/bin/../lib/gcc/avr/4.3.3/avr25\libgcc.a(_exit.o)
 .text          0x00000000        0x0 c:/winavr-20100110/bin/../lib/gcc/avr/4.3.3/avr25\libgcc.a(_copy_data.o)
 .data          0x00000000        0x0 c:/winavr-20100110/bin/../lib/gcc/avr/4.3.3/avr25\libgcc.a(_copy_data.o)
 .bss           0x00000000        0x0 c:/winavr-20100110/bin/../lib/gcc/avr/4.3.3/avr25\libgcc.a(_copy_data.o)
 .text.libgcc   0x00000000        0x0 c:/winavr-20100110/bin/../lib/gcc/avr/4.3.3/avr25\libgcc.a(_copy_data.o)
 .text          0x00000000        0x0 c:/winavr-20100110/bin/../lib/gcc/avr/4.3.3/avr25\libgcc.a(_clear_bss.o)
 .data          0x00000000        0x0 c:/winavr-20100110/bin/../lib/gcc/avr/4.3.3/avr25\libgcc.a(_clear_bss.o)
 .bss           0x00000000        0x0 c:/winavr-20100110/bin/../lib/gcc/avr/4.3.3/avr25\libgcc.a(_clear_bss.o)
 .text.libgcc   0x00000000        0x0 c:/winavr-20100110/bin/../lib/gcc/avr/4.3.3/avr25\libgcc.a(_clear_bss.o)

Memory Configuration

Name             Origin             Length             Attributes
text             0x00000000         0x00002000         xr
data             0x00800060         0x0000ffa0         rw !x
eeprom           0x00810000         0x00010000         rw !x
fuse             0x00820000         0x00000400         rw !x
lock             0x00830000         0x00000400         rw !x
signature        0x00840000         0x00000400         rw !x
*default*        0x00000000         0xffffffff

Linker script and memory map

LOAD c:/winavr-20100110/bin/../lib/gcc/avr/4.3.3/../../../../avr/lib/avr25/crttn4313.o
LOAD Temp_Probe.o
LOAD ../lib/USART.o
LOAD ../lib/usi_i2c_master.o
LOAD c:/winavr-20100110/bin/../lib/gcc/avr/4.3.3/avr25\libgcc.a
LOAD c:/winavr-20100110/bin/../lib/gcc/avr/4.3.3/../../../../avr/lib/avr25\libc.a
LOAD c:/winavr-20100110/bin/../lib/gcc/avr/4.3.3/avr25\libgcc.a

.hash
 *(.hash)

.dynsym
 *(.dynsym)

.dynstr
 *(.dynstr)

.gnu.version
 *(.gnu.version)

.gnu.version_d
 *(.gnu.version_d)

.gnu.version_r
 *(.gnu.version_r)

.rel.init
 *(.rel.init)

.rela.init
 *(.rela.init)

.rel.text
 *(.rel.text)
 *(.rel.text.*)
 *(.rel.gnu.linkonce.t*)

.rela.text
 *(.rela.text)
 *(.rela.text.*)
 *(.rela.gnu.linkonce.t*)

.rel.fini
 *(.rel.fini)

.rela.fini
 *(.rela.fini)

.rel.rodata
 *(.rel.rodata)
 *(.rel.rodata.*)
 *(.rel.gnu.linkonce.r*)

.rela.rodata
 *(.rela.rodata)
 *(.rela.rodata.*)
 *(.rela.gnu.linkonce.r*)

.rel.data
 *(.rel.data)
 *(.rel.data.*)
 *(.rel.gnu.linkonce.d*)

.rela.data
 *(.rela.data)
 *(.rela.data.*)
 *(.rela.gnu.linkonce.d*)

.rel.ctors
 *(.rel.ctors)

.rela.ctors
 *(.rela.ctors)

.rel.dtors
 *(.rel.dtors)

.rela.dtors
 *(.rela.dtors)

.rel.got
 *(.rel.got)

.rela.got
 *(.rela.got)

.rel.bss
 *(.rel.bss)

.rela.bss
 *(.rela.bss)

.rel.plt
 *(.rel.plt)

.rela.plt
 *(.rela.plt)

.text           0x00000000      0x85a
 *(.vectors)
 .vectors       0x00000000       0x2a c:/winavr-20100110/bin/../lib/gcc/avr/4.3.3/../../../../avr/lib/avr25/crttn4313.o
                0x00000000                __vectors
                0x00000000                __vector_default
 *(.vectors)
 *(.progmem.gcc*)
 *(.progmem*)
                0x0000002a                . = ALIGN (0x2)
                0x0000002a                __trampolines_start = .
 *(.trampolines)
 .trampolines   0x0000002a        0x0 linker stubs
 *(.trampolines*)
                0x0000002a                __trampolines_end = .
 *(.jumptables)
 *(.jumptables*)
 *(.lowtext)
 *(.lowtext*)
                0x0000002a                __ctors_start = .
 *(.ctors)
                0x0000002a                __ctors_end = .
                0x0000002a                __dtors_start = .
 *(.dtors)
                0x0000002a                __dtors_end = .
 SORT(*)(.ctors)
 SORT(*)(.dtors)
 *(.init0)
 .init0         0x0000002a        0x0 c:/winavr-20100110/bin/../lib/gcc/avr/4.3.3/../../../../avr/lib/avr25/crttn4313.o
                0x0000002a                __init
 *(.init0)
 *(.init1)
 *(.init1)
 *(.init2)
 .init2         0x0000002a        0xc c:/winavr-20100110/bin/../lib/gcc/avr/4.3.3/../../../../avr/lib/avr25/crttn4313.o
 *(.init2)
 *(.init3)
 *(.init3)
 *(.init4)
 .init4         0x00000036       0x16 c:/winavr-20100110/bin/../lib/gcc/avr/4.3.3/avr25\libgcc.a(_copy_data.o)
                0x00000036                __do_copy_data
 .init4         0x0000004c       0x10 c:/winavr-20100110/bin/../lib/gcc/avr/4.3.3/avr25\libgcc.a(_clear_bss.o)
                0x0000004c                __do_clear_bss
 *(.init4)
 *(.init5)
 *(.init5)
 *(.init6)
 *(.init6)
 *(.init7)
 *(.init7)
 *(.init8)
 *(.init8)
 *(.init9)
 .init9         0x0000005c        0x4 c:/winavr-20100110/bin/../lib/gcc/avr/4.3.3/../../../../avr/lib/avr25/crttn4313.o
 *(.init9)
 *(.text)
 .text          0x00000060        0x2 c:/winavr-20100110/bin/../lib/gcc/avr/4.3.3/../../../../avr/lib/avr25/crttn4313.o
                0x00000060                __vector_1
                0x00000060                __vector_12
                0x00000060                __bad_interrupt
                0x00000060                __vector_6
                0x00000060                __vector_3
                0x00000060                __vector_11
                0x00000060                __vector_13
                0x00000060                __vector_17
                0x00000060                __vector_19
                0x00000060                __vector_7
                0x00000060                __vector_5
                0x00000060                __vector_4
                0x00000060                __vector_9
                0x00000060                __vector_2
                0x00000060                __vector_15
                0x00000060                __vector_8
                0x00000060                __vector_14
                0x00000060                __vector_10
                0x00000060                __vector_16
                0x00000060                __vector_18
                0x00000060                __vector_20
                0x00000062                . = ALIGN (0x2)
 *(.text.*)
 .text.init_i2c
                0x00000062       0x18 Temp_Probe.o
                0x00000062                init_i2c
 .text.EEPROM_write
                0x0000007a       0x10 Temp_Probe.o
                0x0000007a                EEPROM_write
 .text.Read_init
                0x0000008a        0xc Temp_Probe.o
                0x0000008a                Read_init
 .text.init_all
                0x00000096       0x22 Temp_Probe.o
                0x00000096                init_all
 .text.init_setup
                0x000000b8      0x14e Temp_Probe.o
                0x000000b8                init_setup
 .text.Read_Temp
                0x00000206       0x6c Temp_Probe.o
                0x00000206                Read_Temp
 .text.Read_CalData
                0x00000272       0x62 Temp_Probe.o
                0x00000272                Read_CalData
 .text.init_tsys01
                0x000002d4       0x20 Temp_Probe.o
                0x000002d4                init_tsys01
 .text.main     0x000002f4      0x3b4 Temp_Probe.o
                0x000002f4                main
 .text.initUSART
                0x000006a8       0x1a ../lib/USART.o
                0x000006a8                initUSART
 .text.receiveByte
                0x000006c2        0x8 ../lib/USART.o
                0x000006c2                receiveByte
 .text.printRS485Bytes
                0x000006ca       0x32 ../lib/USART.o
                0x000006ca                printRS485Bytes
 .text.GetHexString
                0x000006fc       0x24 ../lib/USART.o
                0x000006fc                GetHexString
 .text.GetByteFromString
                0x00000720       0x42 ../lib/USART.o
                0x00000720                GetByteFromString
 .text.USI_I2C_Master_Transfer
                0x00000762       0x28 ../lib/usi_i2c_master.o
                0x00000762                USI_I2C_Master_Transfer
 .text.USI_I2C_Master_Start_Transmission
                0x0000078a       0xcc ../lib/usi_i2c_master.o
                0x0000078a                USI_I2C_Master_Start_Transmission
                0x00000856                . = ALIGN (0x2)
 *(.fini9)
 .fini9         0x00000856        0x0 c:/winavr-20100110/bin/../lib/gcc/avr/4.3.3/avr25\libgcc.a(_exit.o)
                0x00000856                exit
                0x00000856                _exit
 *(.fini9)
 *(.fini8)
 *(.fini8)
 *(.fini7)
 *(.fini7)
 *(.fini6)
 *(.fini6)
 *(.fini5)
 *(.fini5)
 *(.fini4)
 *(.fini4)
 *(.fini3)
 *(.fini3)
 *(.fini2)
 *(.fini2)
 *(.fini1)
 *(.fini1)
 *(.fini0)
 .fini0         0x00000856        0x4 c:/winavr-20100110/bin/../lib/gcc/avr/4.3.3/avr25\libgcc.a(_exit.o)
 *(.fini0)
                0x0000085a                _etext = .

.data           0x00800060        0x8 load address 0x0000085a
                0x00800060                PROVIDE (__data_start, .)
 *(.data)
 .data          0x00800060        0x7 Temp_Probe.o
 *(.data*)
 *(.rodata)
 *(.rodata*)
 *(.gnu.linkonce.d*)
                0x00800068                . = ALIGN (0x2)
 *fill*         0x00800067        0x1 00
                0x00800068                _edata = .
                0x00800068                PROVIDE (__data_end, .)

.bss            0x00800068       0x22
                0x00800068                PROVIDE (__bss_start, .)
 *(.bss)
 *(.bss*)
 .bss.write_enabled
                0x00800068        0x1 Temp_Probe.o
                0x00800068                write_enabled
 *(COMMON)
 COMMON         0x00800069       0x20 Temp_Probe.o
                0x00800069                data_buf
                0x00800079                coefficent_LSB
                0x0080007e                coefficent_MSB
                0x00800083                addr
 COMMON         0x00800089        0x1 ../lib/usi_i2c_master.o
                0x00800089                USI_I2C_Master_State
                0x0080008a                PROVIDE (__bss_end, .)
                0x0000085a                __data_load_start = LOADADDR (.data)
                0x00000862                __data_load_end = (__data_load_start + SIZEOF (.data))

.noinit         0x0080008a        0x0
                0x0080008a                PROVIDE (__noinit_start, .)
 *(.noinit*)
                0x0080008a                PROVIDE (__noinit_end, .)
                0x0080008a                _end = .
                0x0080008a                PROVIDE (__heap_start, .)

.eeprom         0x00810000        0x0
 *(.eeprom*)
                0x00810000                __eeprom_end = .

.fuse
 *(.fuse)
 *(.lfuse)
 *(.hfuse)
 *(.efuse)

.lock
 *(.lock*)

.signature
 *(.signature*)

.stab
 *(.stab)

.stabstr
 *(.stabstr)

.stab.excl
 *(.stab.excl)

.stab.exclstr
 *(.stab.exclstr)

.stab.index
 *(.stab.index)

.stab.indexstr
 *(.stab.indexstr)

.comment
 *(.comment)

.debug
 *(.debug)

.line
 *(.line)

.debug_srcinfo
 *(.debug_srcinfo)

.debug_sfnames
 *(.debug_sfnames)

.debug_aranges  0x00000000      0x130
 *(.debug_aranges)
 .debug_aranges
                0x00000000       0x68 Temp_Probe.o
 .debug_aranges
                0x00000068       0xa0 ../lib/USART.o
 .debug_aranges
                0x00000108       0x28 ../lib/usi_i2c_master.o

.debug_pubnames
                0x00000000      0x292
 *(.debug_pubnames)
 .debug_pubnames
                0x00000000       0xf0 Temp_Probe.o
 .debug_pubnames
                0x000000f0      0x135 ../lib/USART.o
 .debug_pubnames
                0x00000225       0x6d ../lib/usi_i2c_master.o

.debug_info     0x00000000     0x126a
 *(.debug_info)
 .debug_info    0x00000000      0x561 Temp_Probe.o
 .debug_info    0x00000561      0x999 ../lib/USART.o
 .debug_info    0x00000efa      0x370 ../lib/usi_i2c_master.o
 *(.gnu.linkonce.wi.*)

.debug_abbrev   0x00000000      0x576
 *(.debug_abbrev)
 .debug_abbrev  0x00000000      0x202 Temp_Probe.o
 .debug_abbrev  0x00000202      0x235 ../lib/USART.o
 .debug_abbrev  0x00000437      0x13f ../lib/usi_i2c_master.o

.debug_line     0x00000000     0x1114
 *(.debug_line)
 .debug_line    0x00000000      0x70e Temp_Probe.o
 .debug_line    0x0000070e      0x700 ../lib/USART.o
 .debug_line    0x00000e0e      0x306 ../lib/usi_i2c_master.o

.debug_frame    0x00000000      0x200
 *(.debug_frame)
 .debug_frame   0x00000000       0xb0 Temp_Probe.o
 .debug_frame   0x000000b0      0x120 ../lib/USART.o
 .debug_frame   0x000001d0       0x30 ../lib/usi_i2c_master.o

.debug_str      0x00000000      0x3b7
 *(.debug_str)
 .debug_str     0x00000000      0x1c9 Temp_Probe.o
                                0x202 (size before relaxing)
 .debug_str     0x000001c9      0x13f ../lib/USART.o
                                0x240 (size before relaxing)
 .debug_str     0x00000308       0xaf ../lib/usi_i2c_master.o
                                0x1ab (size before relaxing)

.debug_loc      0x00000000      0x518
 *(.debug_loc)
 .debug_loc     0x00000000       0xf9 Temp_Probe.o
 .debug_loc     0x000000f9      0x30d ../lib/USART.o
 .debug_loc     0x00000406      0x112 ../lib/usi_i2c_master.o

.debug_macinfo
 *(.debug_macinfo)
OUTPUT(Temp_Probe.elf elf32-avr)
LOAD linker stubs

.debug_ranges   0x00000000      0x298
 .debug_ranges  0x00000000       0xa8 Temp_Probe.o
 .debug_ranges  0x000000a8      0x188 ../lib/USART.o
 .debug_ranges  0x00000230       0x68 ../lib/usi_i2c_master.o
